// // Jest Snapshot v1, https://goo.gl/fbAQLP
//
// exports[`With Snapshot Testing Sunshine shows "Hello, Sunshine!" 1`] = `
// <div>
//   Hello, Sunshine!
// </div>
// `;
